Found ,
Found ;
Found :
Found (
Found )
Found [
Found ]
Found {
Found }
Found =
Found +
Found -
Found *
Found /
Found %
Found <
Found >
Found &
Found |
Found ~
Main done! File has 1 lines