Found LIT_INT
Found LIT_CHAR
Found LIT_STRING
Found LIT_STRING
Found LIT_STRING
Found LIT_STRING
Símbolo: "empty string: ", Tipo: 286
Símbolo: "escaped quote: \" ", Tipo: 286
Símbolo: "hello world", Tipo: 286
Símbolo: "new line: \n", Tipo: 286
Símbolo: #123, Tipo: 281
Símbolo: 'a', Tipo: 282
Main done! File has 6 lines