Found LIT_INT
Found LIT_CHAR
Found LIT_STRING
Found LIT_STRING
Found LIT_STRING
Found LIT_STRING
Symbol: "empty string: ", Type: 286
Symbol: "escaped quote: \" ", Type: 286
Symbol: "hello world", Type: 286
Symbol: "new line: \n", Type: 286
Symbol: #123, Type: 281
Symbol: 'a', Type: 282
Main done! File has 6 lines