Found KW_CHAR
Found KW_INT
Found KW_IF
Found KW_THEN
Found KW_ELSE
Found KW_WHILE
Found KW_READ
Found KW_PRINT
Found KW_RETURN
Main done! File has 9 lines